// Jest Snapshot v1, https://goo.gl/fbAQLP

exports[`should render Login Page 1`] = `
<div
  className="box-layout"
>
  <div
    className="box-layout__box"
  >
    <h1
      className="box-layout__title"
    >
      Party Radar
    </h1>
    <p>
      Check live party around yourself!
    </p>
    <img
      alt="Login with Google"
      className="btn--google"
      onClick={[Function]}
      src="./images/google.png"
      srcset=""
    />
  </div>
</div>
`;
